// Jest Snapshot v1, https://goo.gl/fbAQLP

exports[`<FormPageHeader /> render 1`] = `
<DocumentFragment>
  <section
    class="pf-c-page__main-section pf-m-light"
  >
    <div
      class="pf-c-content"
    >
      <h1
        class=""
        data-pf-content="true"
      >
        dummy
      </h1>
      dummy
    </div>
  </section>
  <hr
    class="pf-c-divider"
  />
</DocumentFragment>
`;

exports[`<FormPageHeader /> with help disabled 1`] = `
<Help>
  <ExampleFormPage>
    <Button
      onClick={[Function]}
    >
      <button
        aria-disabled={false}
        aria-label={null}
        className="pf-c-button pf-m-primary"
        data-ouia-component-id={1}
        data-ouia-component-type="PF4/Button"
        data-ouia-safe={true}
        disabled={false}
        onClick={[Function]}
        type="button"
      >
        Toggle
      </button>
    </Button>
    <FormPageHeader
      subKey="storybookSubTitle"
      titleKey="storybookTitle"
    >
      <PageSection
        variant="light"
      >
        <section
          className="pf-c-page__main-section pf-m-light"
        >
          <TextContent>
            <div
              className="pf-c-content"
            >
              <Text
                component="h1"
              >
                <h1
                  className=""
                  data-pf-content={true}
                >
                  storybookTitle
                </h1>
              </Text>
            </div>
          </TextContent>
        </section>
      </PageSection>
      <Divider>
        <hr
          className="pf-c-divider"
        />
      </Divider>
    </FormPageHeader>
  </ExampleFormPage>
</Help>
`;
