// Jest Snapshot v1, https://goo.gl/fbAQLP

exports[`<ListEmptyState /> render 1`] = `
<DocumentFragment>
  <div
    class="pf-c-empty-state pf-m-lg"
  >
    <div
      class="pf-c-empty-state__content"
    >
      <h4
        class="pf-c-title pf-m-lg"
      >
        No things
      </h4>
      <div
        class="pf-c-empty-state__body"
      >
        You haven't created any things for this list.
      </div>
      <button
        aria-disabled="false"
        class="pf-c-button pf-m-primary"
        data-ouia-component-id="OUIA-Generated-Button-primary-1"
        data-ouia-component-type="PF4/Button"
        data-ouia-safe="true"
        type="button"
      >
        Add it now!
      </button>
      <div
        class="pf-c-empty-state__secondary"
      >
        <button
          aria-disabled="false"
          class="pf-c-button pf-m-primary"
          data-ouia-component-id="OUIA-Generated-Button-primary-2"
          data-ouia-component-type="PF4/Button"
          data-ouia-safe="true"
          type="button"
        >
          Add a thing
        </button>
      </div>
    </div>
  </div>
</DocumentFragment>
`;
